{"level":"info","level":"debug","type":"text-with-colors","output":"both:./log.log","time":"2025-03-07T00:59:56.545+01:00","caller":"/home/paulo/projs/vendingMaxine/packages/logger/logger.go:134","message":"Logger initialized"}
{"level":"info","config":{"Branding":{"Name":"MyNameOverridenFromEnvVar","Description":"My App Description","LogoPngFile":"myAppLogo.png"},"DexConfig":{"ClientId":"example-app","ClientSecret":"fake-value-will-be-set-by-env-var-CONFIG_DEXCONFIG_SECRET","ClientRedirectURL":"http://domain-of-myapp/callback","DexIssuer":"http://dex-url"},"Database":{"SqliteFilename":"sqlite.db"},"Logging":{"Level":"debug","Type":"text-with-colors","TimeFormat":"2006-01-02T15:04:05.999Z07:00","Output":"both:./log.log"}},"time":"2025-03-07T00:59:56.545+01:00","caller":"/home/paulo/projs/vendingMaxine/packages/cmd/main.go:75","message":"Configuration loaded"}
{"level":"info","filename":"sqlite.db","time":"2025-03-07T00:59:56.545+01:00","caller":"/home/paulo/projs/vendingMaxine/packages/cmd/main.go:81","message":"Initializing database"}
{"level":"debug","time":"2025-03-07T00:59:56.554+01:00","caller":"/home/paulo/projs/vendingMaxine/packages/cmd/main.go:88","message":"Migrating database models"}
{"level":"fatal","error":"unsupported data type: &[]","time":"2025-03-07T00:59:56.561+01:00","caller":"/home/paulo/projs/vendingMaxine/packages/cmd/main.go:98","message":"failed to migrate database models"}
{"level":"info","level":"debug","type":"text-with-colors","output":"both:./log.log","time":"2025-03-07T01:02:34.539+01:00","caller":"/home/paulo/projs/vendingMaxine/packages/logger/logger.go:134","message":"Logger initialized"}
{"level":"info","config":{"Branding":{"Name":"MyNameOverridenFromEnvVar","Description":"My App Description","LogoPngFile":"myAppLogo.png"},"DexConfig":{"ClientId":"example-app","ClientSecret":"fake-value-will-be-set-by-env-var-CONFIG_DEXCONFIG_SECRET","ClientRedirectURL":"http://domain-of-myapp/callback","DexIssuer":"http://dex-url"},"Database":{"SqliteFilename":"sqlite.db"},"Logging":{"Level":"debug","Type":"text-with-colors","TimeFormat":"2006-01-02T15:04:05.999Z07:00","Output":"both:./log.log"}},"time":"2025-03-07T01:02:34.539+01:00","caller":"/home/paulo/projs/vendingMaxine/packages/cmd/main.go:75","message":"Configuration loaded"}
{"level":"info","filename":"sqlite.db","time":"2025-03-07T01:02:34.539+01:00","caller":"/home/paulo/projs/vendingMaxine/packages/cmd/main.go:81","message":"Initializing database"}
{"level":"debug","time":"2025-03-07T01:02:34.54+01:00","caller":"/home/paulo/projs/vendingMaxine/packages/cmd/main.go:88","message":"Migrating database models"}
{"level":"fatal","error":"unsupported data type: &[]","time":"2025-03-07T01:02:34.548+01:00","caller":"/home/paulo/projs/vendingMaxine/packages/cmd/main.go:97","message":"failed to migrate database models"}
{"level":"info","level":"debug","type":"text-with-colors","output":"both:./log.log","time":"2025-03-07T01:04:08.372+01:00","caller":"/home/paulo/projs/vendingMaxine/packages/logger/logger.go:134","message":"Logger initialized"}
{"level":"info","config":{"Branding":{"Name":"MyNameOverridenFromEnvVar","Description":"My App Description","LogoPngFile":"myAppLogo.png"},"DexConfig":{"ClientId":"example-app","ClientSecret":"fake-value-will-be-set-by-env-var-CONFIG_DEXCONFIG_SECRET","ClientRedirectURL":"http://domain-of-myapp/callback","DexIssuer":"http://dex-url"},"Database":{"SqliteFilename":"sqlite.db"},"Logging":{"Level":"debug","Type":"text-with-colors","TimeFormat":"2006-01-02T15:04:05.999Z07:00","Output":"both:./log.log"}},"time":"2025-03-07T01:04:08.372+01:00","caller":"/home/paulo/projs/vendingMaxine/packages/cmd/main.go:75","message":"Configuration loaded"}
{"level":"info","filename":"sqlite.db","time":"2025-03-07T01:04:08.372+01:00","caller":"/home/paulo/projs/vendingMaxine/packages/cmd/main.go:81","message":"Initializing database"}
{"level":"debug","time":"2025-03-07T01:04:08.376+01:00","caller":"/home/paulo/projs/vendingMaxine/packages/cmd/main.go:88","message":"Migrating database models"}
{"level":"fatal","error":"unsupported data type: &[]","time":"2025-03-07T01:04:08.383+01:00","caller":"/home/paulo/projs/vendingMaxine/packages/cmd/main.go:97","message":"failed to migrate database models"}
{"level":"info","level":"debug","type":"text-with-colors","output":"both:./log.log","time":"2025-03-07T01:06:35.625+01:00","caller":"/home/paulo/projs/vendingMaxine/packages/logger/logger.go:134","message":"Logger initialized"}
{"level":"info","config":{"Branding":{"Name":"MyNameOverridenFromEnvVar","Description":"My App Description","LogoPngFile":"myAppLogo.png"},"DexConfig":{"ClientId":"example-app","ClientSecret":"fake-value-will-be-set-by-env-var-CONFIG_DEXCONFIG_SECRET","ClientRedirectURL":"http://domain-of-myapp/callback","DexIssuer":"http://dex-url"},"Database":{"SqliteFilename":"sqlite.db"},"Logging":{"Level":"debug","Type":"text-with-colors","TimeFormat":"2006-01-02T15:04:05.999Z07:00","Output":"both:./log.log"}},"time":"2025-03-07T01:06:35.625+01:00","caller":"/home/paulo/projs/vendingMaxine/packages/cmd/main.go:75","message":"Configuration loaded"}
{"level":"info","filename":"sqlite.db","time":"2025-03-07T01:06:35.625+01:00","caller":"/home/paulo/projs/vendingMaxine/packages/cmd/main.go:81","message":"Initializing database"}
{"level":"debug","time":"2025-03-07T01:06:35.627+01:00","caller":"/home/paulo/projs/vendingMaxine/packages/cmd/main.go:88","message":"Migrating database models"}
{"level":"fatal","error":"unsupported data type: &[]","time":"2025-03-07T01:06:35.667+01:00","caller":"/home/paulo/projs/vendingMaxine/packages/cmd/main.go:97","message":"failed to migrate database models"}
{"level":"info","level":"debug","type":"text-with-colors","output":"both:./log.log","time":"2025-03-07T01:19:36.605+01:00","caller":"/home/paulo/projs/vendingMaxine/packages/logger/logger.go:134","message":"Logger initialized"}
{"level":"info","config":{"Branding":{"Name":"MyNameOverridenFromEnvVar","Description":"My App Description","LogoPngFile":"myAppLogo.png"},"DexConfig":{"ClientId":"example-app","ClientSecret":"fake-value-will-be-set-by-env-var-CONFIG_DEXCONFIG_SECRET","ClientRedirectURL":"http://domain-of-myapp/callback","DexIssuer":"http://dex-url"},"Database":{"SqliteFilename":"sqlite.db"},"Logging":{"Level":"debug","Type":"text-with-colors","TimeFormat":"2006-01-02T15:04:05.999Z07:00","Output":"both:./log.log"}},"time":"2025-03-07T01:19:36.605+01:00","caller":"/home/paulo/projs/vendingMaxine/packages/cmd/main.go:75","message":"Configuration loaded"}
{"level":"info","filename":"sqlite.db","time":"2025-03-07T01:19:36.605+01:00","caller":"/home/paulo/projs/vendingMaxine/packages/cmd/main.go:81","message":"Initializing database"}
{"level":"debug","time":"2025-03-07T01:19:36.606+01:00","caller":"/home/paulo/projs/vendingMaxine/packages/cmd/main.go:88","message":"Migrating database models"}
{"level":"fatal","error":"unsupported data type: &[]","time":"2025-03-07T01:19:36.615+01:00","caller":"/home/paulo/projs/vendingMaxine/packages/cmd/main.go:97","message":"failed to migrate database models"}
{"level":"info","level":"debug","type":"text-with-colors","output":"both:./log.log","time":"2025-03-07T01:20:39.344+01:00","caller":"/home/paulo/projs/vendingMaxine/packages/logger/logger.go:134","message":"Logger initialized"}
{"level":"info","config":{"Branding":{"Name":"MyNameOverridenFromEnvVar","Description":"My App Description","LogoPngFile":"myAppLogo.png"},"DexConfig":{"ClientId":"example-app","ClientSecret":"fake-value-will-be-set-by-env-var-CONFIG_DEXCONFIG_SECRET","ClientRedirectURL":"http://domain-of-myapp/callback","DexIssuer":"http://dex-url"},"Database":{"SqliteFilename":"sqlite.db"},"Logging":{"Level":"debug","Type":"text-with-colors","TimeFormat":"2006-01-02T15:04:05.999Z07:00","Output":"both:./log.log"}},"time":"2025-03-07T01:20:39.344+01:00","caller":"/home/paulo/projs/vendingMaxine/packages/cmd/main.go:75","message":"Configuration loaded"}
{"level":"info","filename":"sqlite.db","time":"2025-03-07T01:20:39.344+01:00","caller":"/home/paulo/projs/vendingMaxine/packages/cmd/main.go:81","message":"Initializing database"}
{"level":"debug","time":"2025-03-07T01:20:39.346+01:00","caller":"/home/paulo/projs/vendingMaxine/packages/cmd/main.go:88","message":"Migrating database models"}
{"level":"fatal","error":"unsupported data type: &[]","time":"2025-03-07T01:20:39.372+01:00","caller":"/home/paulo/projs/vendingMaxine/packages/cmd/main.go:97","message":"failed to migrate database models"}
{"level":"info","level":"debug","type":"text-with-colors","output":"both:./log.log","time":"2025-03-07T01:22:13.807+01:00","caller":"/home/paulo/projs/vendingMaxine/packages/logger/logger.go:134","message":"Logger initialized"}
{"level":"info","config":{"Branding":{"Name":"MyNameOverridenFromEnvVar","Description":"My App Description","LogoPngFile":"myAppLogo.png"},"DexConfig":{"ClientId":"example-app","ClientSecret":"fake-value-will-be-set-by-env-var-CONFIG_DEXCONFIG_SECRET","ClientRedirectURL":"http://domain-of-myapp/callback","DexIssuer":"http://dex-url"},"Database":{"SqliteFilename":"sqlite.db"},"Logging":{"Level":"debug","Type":"text-with-colors","TimeFormat":"2006-01-02T15:04:05.999Z07:00","Output":"both:./log.log"}},"time":"2025-03-07T01:22:13.807+01:00","caller":"/home/paulo/projs/vendingMaxine/packages/cmd/main.go:75","message":"Configuration loaded"}
{"level":"info","filename":"sqlite.db","time":"2025-03-07T01:22:13.807+01:00","caller":"/home/paulo/projs/vendingMaxine/packages/cmd/main.go:81","message":"Initializing database"}
{"level":"debug","time":"2025-03-07T01:22:13.808+01:00","caller":"/home/paulo/projs/vendingMaxine/packages/cmd/main.go:88","message":"Migrating database models"}
{"level":"fatal","error":"unsupported data type: &[]","time":"2025-03-07T01:22:13.816+01:00","caller":"/home/paulo/projs/vendingMaxine/packages/cmd/main.go:97","message":"failed to migrate database models"}
{"level":"info","level":"debug","type":"text-with-colors","output":"both:./log.log","time":"2025-03-07T01:24:38.497+01:00","caller":"/home/paulo/projs/vendingMaxine/packages/logger/logger.go:134","message":"Logger initialized"}
{"level":"info","config":{"Branding":{"Name":"MyNameOverridenFromEnvVar","Description":"My App Description","LogoPngFile":"myAppLogo.png"},"DexConfig":{"ClientId":"example-app","ClientSecret":"fake-value-will-be-set-by-env-var-CONFIG_DEXCONFIG_SECRET","ClientRedirectURL":"http://domain-of-myapp/callback","DexIssuer":"http://dex-url"},"Database":{"SqliteFilename":"sqlite.db"},"Logging":{"Level":"debug","Type":"text-with-colors","TimeFormat":"2006-01-02T15:04:05.999Z07:00","Output":"both:./log.log"}},"time":"2025-03-07T01:24:38.499+01:00","caller":"/home/paulo/projs/vendingMaxine/packages/cmd/main.go:75","message":"Configuration loaded"}
{"level":"info","filename":"sqlite.db","time":"2025-03-07T01:24:38.499+01:00","caller":"/home/paulo/projs/vendingMaxine/packages/cmd/main.go:81","message":"Initializing database"}
{"level":"debug","time":"2025-03-07T01:24:38.5+01:00","caller":"/home/paulo/projs/vendingMaxine/packages/cmd/main.go:88","message":"Migrating database models"}
{"level":"fatal","error":"unsupported data type: &[]","time":"2025-03-07T01:24:38.509+01:00","caller":"/home/paulo/projs/vendingMaxine/packages/cmd/main.go:97","message":"failed to migrate database models"}
{"level":"info","level":"debug","type":"text-with-colors","output":"both:./log.log","time":"2025-03-07T01:28:49.427+01:00","caller":"/home/paulo/projs/vendingMaxine/packages/logger/logger.go:134","message":"Logger initialized"}
{"level":"info","config":{"Branding":{"Name":"MyNameOverridenFromEnvVar","Description":"My App Description","LogoPngFile":"myAppLogo.png"},"DexConfig":{"ClientId":"example-app","ClientSecret":"fake-value-will-be-set-by-env-var-CONFIG_DEXCONFIG_SECRET","ClientRedirectURL":"http://domain-of-myapp/callback","DexIssuer":"http://dex-url"},"Database":{"SqliteFilename":"sqlite.db"},"Logging":{"Level":"debug","Type":"text-with-colors","TimeFormat":"2006-01-02T15:04:05.999Z07:00","Output":"both:./log.log"}},"time":"2025-03-07T01:28:49.428+01:00","caller":"/home/paulo/projs/vendingMaxine/packages/cmd/main.go:75","message":"Configuration loaded"}
{"level":"info","filename":"sqlite.db","time":"2025-03-07T01:28:49.428+01:00","caller":"/home/paulo/projs/vendingMaxine/packages/cmd/main.go:81","message":"Initializing database"}
{"level":"debug","time":"2025-03-07T01:28:49.429+01:00","caller":"/home/paulo/projs/vendingMaxine/packages/cmd/main.go:88","message":"Migrating database models"}
{"level":"fatal","error":"unsupported data type: &[]","time":"2025-03-07T01:28:49.435+01:00","caller":"/home/paulo/projs/vendingMaxine/packages/cmd/main.go:97","message":"failed to migrate database models"}
{"level":"info","level":"debug","type":"text-with-colors","output":"both:./log.log","time":"2025-03-07T01:29:01.921+01:00","caller":"/home/paulo/projs/vendingMaxine/packages/logger/logger.go:134","message":"Logger initialized"}
{"level":"info","config":{"Branding":{"Name":"MyNameOverridenFromEnvVar","Description":"My App Description","LogoPngFile":"myAppLogo.png"},"DexConfig":{"ClientId":"example-app","ClientSecret":"fake-value-will-be-set-by-env-var-CONFIG_DEXCONFIG_SECRET","ClientRedirectURL":"http://domain-of-myapp/callback","DexIssuer":"http://dex-url"},"Database":{"SqliteFilename":"sqlite.db"},"Logging":{"Level":"debug","Type":"text-with-colors","TimeFormat":"2006-01-02T15:04:05.999Z07:00","Output":"both:./log.log"}},"time":"2025-03-07T01:29:01.922+01:00","caller":"/home/paulo/projs/vendingMaxine/packages/cmd/main.go:75","message":"Configuration loaded"}
{"level":"info","filename":"sqlite.db","time":"2025-03-07T01:29:01.922+01:00","caller":"/home/paulo/projs/vendingMaxine/packages/cmd/main.go:81","message":"Initializing database"}
{"level":"debug","time":"2025-03-07T01:29:01.923+01:00","caller":"/home/paulo/projs/vendingMaxine/packages/cmd/main.go:88","message":"Migrating database models"}
{"level":"info","time":"2025-03-07T01:29:01.925+01:00","caller":"/home/paulo/projs/vendingMaxine/packages/cmd/main.go:99","message":"Database migration completed"}
{"level":"info","time":"2025-03-07T01:29:01.925+01:00","caller":"/home/paulo/projs/vendingMaxine/packages/cmd/main.go:103","message":"Starting web server"}
{"level":"info","level":"debug","type":"text-with-colors","output":"both:./log.log","time":"2025-03-07T01:29:13.335+01:00","caller":"/home/paulo/projs/vendingMaxine/packages/logger/logger.go:134","message":"Logger initialized"}
{"level":"info","config":{"Branding":{"Name":"MyNameOverridenFromEnvVar","Description":"My App Description","LogoPngFile":"myAppLogo.png"},"DexConfig":{"ClientId":"example-app","ClientSecret":"fake-value-will-be-set-by-env-var-CONFIG_DEXCONFIG_SECRET","ClientRedirectURL":"http://domain-of-myapp/callback","DexIssuer":"http://dex-url"},"Database":{"SqliteFilename":"sqlite.db"},"Logging":{"Level":"debug","Type":"text-with-colors","TimeFormat":"2006-01-02T15:04:05.999Z07:00","Output":"both:./log.log"}},"time":"2025-03-07T01:29:13.335+01:00","caller":"/home/paulo/projs/vendingMaxine/packages/cmd/main.go:75","message":"Configuration loaded"}
{"level":"info","filename":"sqlite.db","time":"2025-03-07T01:29:13.335+01:00","caller":"/home/paulo/projs/vendingMaxine/packages/cmd/main.go:81","message":"Initializing database"}
{"level":"debug","time":"2025-03-07T01:29:13.336+01:00","caller":"/home/paulo/projs/vendingMaxine/packages/cmd/main.go:88","message":"Migrating database models"}
{"level":"info","time":"2025-03-07T01:29:13.34+01:00","caller":"/home/paulo/projs/vendingMaxine/packages/cmd/main.go:99","message":"Database migration completed"}
{"level":"info","time":"2025-03-07T01:29:13.341+01:00","caller":"/home/paulo/projs/vendingMaxine/packages/cmd/main.go:103","message":"Starting web server"}
{"level":"info","level":"debug","type":"text-with-colors","output":"both:./log.log","time":"2025-03-07T01:30:45.729+01:00","caller":"/home/paulo/projs/vendingMaxine/packages/logger/logger.go:134","message":"Logger initialized"}
{"level":"info","config":{"Branding":{"Name":"MyNameOverridenFromEnvVar","Description":"My App Description","LogoPngFile":"myAppLogo.png"},"DexConfig":{"ClientId":"example-app","ClientSecret":"fake-value-will-be-set-by-env-var-CONFIG_DEXCONFIG_SECRET","ClientRedirectURL":"http://domain-of-myapp/callback","DexIssuer":"http://dex-url"},"Database":{"SqliteFilename":"sqlite.db"},"Logging":{"Level":"debug","Type":"text-with-colors","TimeFormat":"2006-01-02T15:04:05.999Z07:00","Output":"both:./log.log"}},"time":"2025-03-07T01:30:45.73+01:00","caller":"/home/paulo/projs/vendingMaxine/packages/cmd/main.go:75","message":"Configuration loaded"}
{"level":"info","filename":"sqlite.db","time":"2025-03-07T01:30:45.73+01:00","caller":"/home/paulo/projs/vendingMaxine/packages/cmd/main.go:81","message":"Initializing database"}
{"level":"debug","time":"2025-03-07T01:30:45.731+01:00","caller":"/home/paulo/projs/vendingMaxine/packages/cmd/main.go:88","message":"Migrating database models"}
{"level":"fatal","error":"unsupported data type: &[]","time":"2025-03-07T01:30:45.74+01:00","caller":"/home/paulo/projs/vendingMaxine/packages/cmd/main.go:97","message":"failed to migrate database models"}
{"level":"info","level":"debug","type":"text-with-colors","output":"both:./log.log","time":"2025-03-07T01:31:00.255+01:00","caller":"/home/paulo/projs/vendingMaxine/packages/logger/logger.go:134","message":"Logger initialized"}
{"level":"info","config":{"Branding":{"Name":"MyNameOverridenFromEnvVar","Description":"My App Description","LogoPngFile":"myAppLogo.png"},"DexConfig":{"ClientId":"example-app","ClientSecret":"fake-value-will-be-set-by-env-var-CONFIG_DEXCONFIG_SECRET","ClientRedirectURL":"http://domain-of-myapp/callback","DexIssuer":"http://dex-url"},"Database":{"SqliteFilename":"sqlite.db"},"Logging":{"Level":"debug","Type":"text-with-colors","TimeFormat":"2006-01-02T15:04:05.999Z07:00","Output":"both:./log.log"}},"time":"2025-03-07T01:31:00.255+01:00","caller":"/home/paulo/projs/vendingMaxine/packages/cmd/main.go:75","message":"Configuration loaded"}
{"level":"info","filename":"sqlite.db","time":"2025-03-07T01:31:00.255+01:00","caller":"/home/paulo/projs/vendingMaxine/packages/cmd/main.go:81","message":"Initializing database"}
{"level":"debug","time":"2025-03-07T01:31:00.256+01:00","caller":"/home/paulo/projs/vendingMaxine/packages/cmd/main.go:88","message":"Migrating database models"}
{"level":"fatal","error":"unsupported data type: &[]","time":"2025-03-07T01:31:00.265+01:00","caller":"/home/paulo/projs/vendingMaxine/packages/cmd/main.go:97","message":"failed to migrate database models"}
{"level":"info","level":"debug","type":"text-with-colors","output":"both:./log.log","time":"2025-03-07T01:32:32.362+01:00","caller":"/home/paulo/projs/vendingMaxine/packages/logger/logger.go:134","message":"Logger initialized"}
{"level":"info","config":{"Branding":{"Name":"MyNameOverridenFromEnvVar","Description":"My App Description","LogoPngFile":"myAppLogo.png"},"DexConfig":{"ClientId":"example-app","ClientSecret":"fake-value-will-be-set-by-env-var-CONFIG_DEXCONFIG_SECRET","ClientRedirectURL":"http://domain-of-myapp/callback","DexIssuer":"http://dex-url"},"Database":{"SqliteFilename":"sqlite.db"},"Logging":{"Level":"debug","Type":"text-with-colors","TimeFormat":"2006-01-02T15:04:05.999Z07:00","Output":"both:./log.log"}},"time":"2025-03-07T01:32:32.362+01:00","caller":"/home/paulo/projs/vendingMaxine/packages/cmd/main.go:75","message":"Configuration loaded"}
{"level":"info","filename":"sqlite.db","time":"2025-03-07T01:32:32.363+01:00","caller":"/home/paulo/projs/vendingMaxine/packages/cmd/main.go:81","message":"Initializing database"}
{"level":"debug","time":"2025-03-07T01:32:32.364+01:00","caller":"/home/paulo/projs/vendingMaxine/packages/cmd/main.go:88","message":"Migrating database models"}
{"level":"fatal","error":"unsupported data type: &[]","time":"2025-03-07T01:32:32.372+01:00","caller":"/home/paulo/projs/vendingMaxine/packages/cmd/main.go:97","message":"failed to migrate database models"}
{"level":"info","level":"debug","type":"text-with-colors","output":"both:./log.log","time":"2025-03-07T01:32:58.31+01:00","caller":"/home/paulo/projs/vendingMaxine/packages/logger/logger.go:134","message":"Logger initialized"}
{"level":"info","config":{"Branding":{"Name":"MyNameOverridenFromEnvVar","Description":"My App Description","LogoPngFile":"myAppLogo.png"},"DexConfig":{"ClientId":"example-app","ClientSecret":"fake-value-will-be-set-by-env-var-CONFIG_DEXCONFIG_SECRET","ClientRedirectURL":"http://domain-of-myapp/callback","DexIssuer":"http://dex-url"},"Database":{"SqliteFilename":"sqlite.db"},"Logging":{"Level":"debug","Type":"text-with-colors","TimeFormat":"2006-01-02T15:04:05.999Z07:00","Output":"both:./log.log"}},"time":"2025-03-07T01:32:58.31+01:00","caller":"/home/paulo/projs/vendingMaxine/packages/cmd/main.go:75","message":"Configuration loaded"}
{"level":"info","filename":"sqlite.db","time":"2025-03-07T01:32:58.31+01:00","caller":"/home/paulo/projs/vendingMaxine/packages/cmd/main.go:81","message":"Initializing database"}
{"level":"debug","time":"2025-03-07T01:32:58.311+01:00","caller":"/home/paulo/projs/vendingMaxine/packages/cmd/main.go:88","message":"Migrating database models"}
{"level":"fatal","error":"unsupported data type: &[]","time":"2025-03-07T01:32:58.319+01:00","caller":"/home/paulo/projs/vendingMaxine/packages/cmd/main.go:97","message":"failed to migrate database models"}
{"level":"info","level":"debug","type":"text-with-colors","output":"both:./log.log","time":"2025-03-07T01:43:24.826+01:00","caller":"/home/paulo/projs/vendingMaxine/packages/logger/logger.go:134","message":"Logger initialized"}
{"level":"info","config":{"Branding":{"Name":"MyNameOverridenFromEnvVar","Description":"My App Description","LogoPngFile":"myAppLogo.png"},"DexConfig":{"ClientId":"example-app","ClientSecret":"fake-value-will-be-set-by-env-var-CONFIG_DEXCONFIG_SECRET","ClientRedirectURL":"http://domain-of-myapp/callback","DexIssuer":"http://dex-url"},"Database":{"SqliteFilename":"sqlite.db"},"Logging":{"Level":"debug","Type":"text-with-colors","TimeFormat":"2006-01-02T15:04:05.999Z07:00","Output":"both:./log.log"}},"time":"2025-03-07T01:43:24.826+01:00","caller":"/home/paulo/projs/vendingMaxine/packages/cmd/main.go:75","message":"Configuration loaded"}
{"level":"info","filename":"sqlite.db","time":"2025-03-07T01:43:24.826+01:00","caller":"/home/paulo/projs/vendingMaxine/packages/cmd/main.go:81","message":"Initializing database"}
{"level":"debug","time":"2025-03-07T01:43:24.827+01:00","caller":"/home/paulo/projs/vendingMaxine/packages/cmd/main.go:88","message":"Migrating database models"}
{"level":"fatal","error":"unsupported data type: &[]","time":"2025-03-07T01:43:24.834+01:00","caller":"/home/paulo/projs/vendingMaxine/packages/cmd/main.go:97","message":"failed to migrate database models"}
{"level":"info","level":"debug","type":"text-with-colors","output":"both:./log.log","time":"2025-03-07T01:46:18.575+01:00","caller":"/home/paulo/projs/vendingMaxine/packages/logger/logger.go:134","message":"Logger initialized"}
{"level":"info","config":{"Branding":{"Name":"MyNameOverridenFromEnvVar","Description":"My App Description","LogoPngFile":"myAppLogo.png"},"DexConfig":{"ClientId":"example-app","ClientSecret":"fake-value-will-be-set-by-env-var-CONFIG_DEXCONFIG_SECRET","ClientRedirectURL":"http://domain-of-myapp/callback","DexIssuer":"http://dex-url"},"Database":{"SqliteFilename":"sqlite.db"},"Logging":{"Level":"debug","Type":"text-with-colors","TimeFormat":"2006-01-02T15:04:05.999Z07:00","Output":"both:./log.log"}},"time":"2025-03-07T01:46:18.576+01:00","caller":"/home/paulo/projs/vendingMaxine/packages/cmd/main.go:75","message":"Configuration loaded"}
{"level":"info","filename":"sqlite.db","time":"2025-03-07T01:46:18.576+01:00","caller":"/home/paulo/projs/vendingMaxine/packages/cmd/main.go:81","message":"Initializing database"}
{"level":"debug","time":"2025-03-07T01:46:18.577+01:00","caller":"/home/paulo/projs/vendingMaxine/packages/cmd/main.go:88","message":"Migrating database models"}
{"level":"fatal","error":"unsupported data type: &[]","time":"2025-03-07T01:46:18.586+01:00","caller":"/home/paulo/projs/vendingMaxine/packages/cmd/main.go:97","message":"failed to migrate database models"}
